Archive member included to satisfy reference by file (symbol)

/Applications/Eclipse.app/Contents/Eclipse/plugins/fr.ac6.mcu.externaltools.arm-none.macos64_1.17.0.201812190825/tools/compiler/bin/../lib/gcc/arm-none-eabi/7.3.1/../../../../arm-none-eabi/lib/thumb/v7-m/libc.a(lib_a-errno.o)
                              src/syscalls.o (__errno)
/Applications/Eclipse.app/Contents/Eclipse/plugins/fr.ac6.mcu.externaltools.arm-none.macos64_1.17.0.201812190825/tools/compiler/bin/../lib/gcc/arm-none-eabi/7.3.1/../../../../arm-none-eabi/lib/thumb/v7-m/libc.a(lib_a-exit.o)
                              /Applications/Eclipse.app/Contents/Eclipse/plugins/fr.ac6.mcu.externaltools.arm-none.macos64_1.17.0.201812190825/tools/compiler/bin/../lib/gcc/arm-none-eabi/7.3.1/../../../../arm-none-eabi/lib/thumb/v7-m/crt0.o (exit)
/Applications/Eclipse.app/Contents/Eclipse/plugins/fr.ac6.mcu.externaltools.arm-none.macos64_1.17.0.201812190825/tools/compiler/bin/../lib/gcc/arm-none-eabi/7.3.1/../../../../arm-none-eabi/lib/thumb/v7-m/libc.a(lib_a-impure.o)
                              /Applications/Eclipse.app/Contents/Eclipse/plugins/fr.ac6.mcu.externaltools.arm-none.macos64_1.17.0.201812190825/tools/compiler/bin/../lib/gcc/arm-none-eabi/7.3.1/../../../../arm-none-eabi/lib/thumb/v7-m/libc.a(lib_a-exit.o) (_global_impure_ptr)
/Applications/Eclipse.app/Contents/Eclipse/plugins/fr.ac6.mcu.externaltools.arm-none.macos64_1.17.0.201812190825/tools/compiler/bin/../lib/gcc/arm-none-eabi/7.3.1/../../../../arm-none-eabi/lib/thumb/v7-m/libc.a(lib_a-init.o)
                              /Applications/Eclipse.app/Contents/Eclipse/plugins/fr.ac6.mcu.externaltools.arm-none.macos64_1.17.0.201812190825/tools/compiler/bin/../lib/gcc/arm-none-eabi/7.3.1/../../../../arm-none-eabi/lib/thumb/v7-m/crt0.o (__libc_init_array)
/Applications/Eclipse.app/Contents/Eclipse/plugins/fr.ac6.mcu.externaltools.arm-none.macos64_1.17.0.201812190825/tools/compiler/bin/../lib/gcc/arm-none-eabi/7.3.1/../../../../arm-none-eabi/lib/thumb/v7-m/libc.a(lib_a-memset.o)
                              /Applications/Eclipse.app/Contents/Eclipse/plugins/fr.ac6.mcu.externaltools.arm-none.macos64_1.17.0.201812190825/tools/compiler/bin/../lib/gcc/arm-none-eabi/7.3.1/../../../../arm-none-eabi/lib/thumb/v7-m/crt0.o (memset)
/Applications/Eclipse.app/Contents/Eclipse/plugins/fr.ac6.mcu.externaltools.arm-none.macos64_1.17.0.201812190825/tools/compiler/bin/../lib/gcc/arm-none-eabi/7.3.1/../../../../arm-none-eabi/lib/thumb/v7-m/libc.a(lib_a-sprintf.o)
                              src/lcd.o (sprintf)
/Applications/Eclipse.app/Contents/Eclipse/plugins/fr.ac6.mcu.externaltools.arm-none.macos64_1.17.0.201812190825/tools/compiler/bin/../lib/gcc/arm-none-eabi/7.3.1/../../../../arm-none-eabi/lib/thumb/v7-m/libc.a(lib_a-strlen-stub.o)
                              src/lcd.o (strlen)
/Applications/Eclipse.app/Contents/Eclipse/plugins/fr.ac6.mcu.externaltools.arm-none.macos64_1.17.0.201812190825/tools/compiler/bin/../lib/gcc/arm-none-eabi/7.3.1/../../../../arm-none-eabi/lib/thumb/v7-m/libc.a(lib_a-svfprintf.o)
                              /Applications/Eclipse.app/Contents/Eclipse/plugins/fr.ac6.mcu.externaltools.arm-none.macos64_1.17.0.201812190825/tools/compiler/bin/../lib/gcc/arm-none-eabi/7.3.1/../../../../arm-none-eabi/lib/thumb/v7-m/libc.a(lib_a-sprintf.o) (_svfprintf_r)
/Applications/Eclipse.app/Contents/Eclipse/plugins/fr.ac6.mcu.externaltools.arm-none.macos64_1.17.0.201812190825/tools/compiler/bin/../lib/gcc/arm-none-eabi/7.3.1/../../../../arm-none-eabi/lib/thumb/v7-m/libc.a(lib_a-__call_atexit.o)
                              /Applications/Eclipse.app/Contents/Eclipse/plugins/fr.ac6.mcu.externaltools.arm-none.macos64_1.17.0.201812190825/tools/compiler/bin/../lib/gcc/arm-none-eabi/7.3.1/../../../../arm-none-eabi/lib/thumb/v7-m/libc.a(lib_a-exit.o) (__call_exitprocs)
/Applications/Eclipse.app/Contents/Eclipse/plugins/fr.ac6.mcu.externaltools.arm-none.macos64_1.17.0.201812190825/tools/compiler/bin/../lib/gcc/arm-none-eabi/7.3.1/../../../../arm-none-eabi/lib/thumb/v7-m/libc.a(lib_a-atexit.o)
                              /Applications/Eclipse.app/Contents/Eclipse/plugins/fr.ac6.mcu.externaltools.arm-none.macos64_1.17.0.201812190825/tools/compiler/bin/../lib/gcc/arm-none-eabi/7.3.1/../../../../arm-none-eabi/lib/thumb/v7-m/libc.a(lib_a-__call_atexit.o) (atexit)
/Applications/Eclipse.app/Contents/Eclipse/plugins/fr.ac6.mcu.externaltools.arm-none.macos64_1.17.0.201812190825/tools/compiler/bin/../lib/gcc/arm-none-eabi/7.3.1/../../../../arm-none-eabi/lib/thumb/v7-m/libc.a(lib_a-dtoa.o)
                              /Applications/Eclipse.app/Contents/Eclipse/plugins/fr.ac6.mcu.externaltools.arm-none.macos64_1.17.0.201812190825/tools/compiler/bin/../lib/gcc/arm-none-eabi/7.3.1/../../../../arm-none-eabi/lib/thumb/v7-m/libc.a(lib_a-svfprintf.o) (_dtoa_r)
[...]
Memory Configuration

Name             Origin             Length             Attributes
FLASH            0x0000000008000000 0x0000000000020000 xr
RAM              0x0000000020000000 0x0000000000005000 xrw
MEMORY_B1        0x0000000060000000 0x0000000000000000 xr
*default*        0x0000000000000000 0xffffffffffffffff

Linker script and memory map

LOAD /Applications/Eclipse.app/Contents/Eclipse/plugins/fr.ac6.mcu.externaltools.arm-none.macos64_1.17.0.201812190825/tools/compiler/bin/../lib/gcc/arm-none-eabi/7.3.1/thumb/v7-m/crti.o
LOAD /Applications/Eclipse.app/Contents/Eclipse/plugins/fr.ac6.mcu.externaltools.arm-none.macos64_1.17.0.201812190825/tools/compiler/bin/../lib/gcc/arm-none-eabi/7.3.1/thumb/v7-m/crtbegin.o
LOAD /Applications/Eclipse.app/Contents/Eclipse/plugins/fr.ac6.mcu.externaltools.arm-none.macos64_1.17.0.201812190825/tools/compiler/bin/../lib/gcc/arm-none-eabi/7.3.1/../../../../arm-none-eabi/lib/thumb/v7-m/crt0.o
LOAD StdPeriph_Driver/src/misc.o
LOAD StdPeriph_Driver/src/stm32f10x_adc.o
LOAD StdPeriph_Driver/src/stm32f10x_bkp.o
LOAD StdPeriph_Driver/src/stm32f10x_can.o
LOAD StdPeriph_Driver/src/stm32f10x_cec.o
LOAD StdPeriph_Driver/src/stm32f10x_crc.o
LOAD StdPeriph_Driver/src/stm32f10x_dac.o
LOAD StdPeriph_Driver/src/stm32f10x_dbgmcu.o
LOAD StdPeriph_Driver/src/stm32f10x_dma.o
LOAD StdPeriph_Driver/src/stm32f10x_exti.o
LOAD StdPeriph_Driver/src/stm32f10x_flash.o
LOAD StdPeriph_Driver/src/stm32f10x_fsmc.o
LOAD StdPeriph_Driver/src/stm32f10x_gpio.o
LOAD StdPeriph_Driver/src/stm32f10x_i2c.o
LOAD StdPeriph_Driver/src/stm32f10x_iwdg.o
LOAD StdPeriph_Driver/src/stm32f10x_pwr.o
LOAD StdPeriph_Driver/src/stm32f10x_rcc.o
LOAD StdPeriph_Driver/src/stm32f10x_rtc.o
LOAD StdPeriph_Driver/src/stm32f10x_sdio.o
LOAD StdPeriph_Driver/src/stm32f10x_spi.o
LOAD StdPeriph_Driver/src/stm32f10x_tim.o
LOAD StdPeriph_Driver/src/stm32f10x_usart.o
LOAD StdPeriph_Driver/src/stm32f10x_wwdg.o
LOAD Utilities/STM32F1xx-Nucleo/stm32f1xx_nucleo.o
LOAD src/lcd.o
LOAD src/main.o
LOAD src/semana2.o
LOAD src/stm32f10x_it.o
LOAD src/syscalls.o
LOAD src/system_stm32f10x.o
LOAD startup/startup_stm32f10x_md.o
LOAD /Applications/Eclipse.app/Contents/Eclipse/plugins/fr.ac6.mcu.externaltools.arm-none.macos64_1.17.0.201812190825/tools/compiler/bin/../lib/gcc/arm-none-eabi/7.3.1/../../../../arm-none-eabi/lib/thumb/v7-m/libm.a
START GROUP
LOAD /Applications/Eclipse.app/Contents/Eclipse/plugins/fr.ac6.mcu.externaltools.arm-none.macos64_1.17.0.201812190825/tools/compiler/bin/../lib/gcc/arm-none-eabi/7.3.1/thumb/v7-m/libgcc.a
LOAD /Applications/Eclipse.app/Contents/Eclipse/plugins/fr.ac6.mcu.externaltools.arm-none.macos64_1.17.0.201812190825/tools/compiler/bin/../lib/gcc/arm-none-eabi/7.3.1/../../../../arm-none-eabi/lib/thumb/v7-m/libc.a
END GROUP
LOAD /Applications/Eclipse.app/Contents/Eclipse/plugins/fr.ac6.mcu.externaltools.arm-none.macos64_1.17.0.201812190825/tools/compiler/bin/../lib/gcc/arm-none-eabi/7.3.1/thumb/v7-m/crtend.o
LOAD /Applications/Eclipse.app/Contents/Eclipse/plugins/fr.ac6.mcu.externaltools.arm-none.macos64_1.17.0.201812190825/tools/compiler/bin/../lib/gcc/arm-none-eabi/7.3.1/thumb/v7-m/crtn.o
                0x0000000020005000                _estack = 0x20005000
                0x0000000000000000                _Min_Heap_Size = 0x0
                0x0000000000000100                _Min_Stack_Size = 0x100

.isr_vector     0x0000000008000000      0x10c
                0x0000000008000000                . = ALIGN (0x4)
 *(.isr_vector)
 .isr_vector    0x0000000008000000      0x10c startup/startup_stm32f10x_md.o
                0x0000000008000000                g_pfnVectors
                0x000000000800010c                . = ALIGN (0x4)

.text           0x000000000800010c      0x824
                0x000000000800010c                . = ALIGN (0x4)
 *(.text)
 .text          0x000000000800010c       0x40 /Applications/Eclipse.app/Contents/Eclipse/plugins/fr.ac6.mcu.externaltools.arm-none.macos64_1.17.0.201812190825/tools/compiler/bin/../lib/gcc/arm-none-eabi/7.3.1/thumb/v7-m/crtbegin.o
 *(.text*)
 .text.GPIO_Init
                0x000000000800014c      0x178 StdPeriph_Driver/src/stm32f10x_gpio.o
                0x000000000800014c                GPIO_Init
 .text.GPIO_ReadInputDataBit
                0x00000000080002c4       0x32 StdPeriph_Driver/src/stm32f10x_gpio.o
                0x00000000080002c4                GPIO_ReadInputDataBit
 .text.GPIO_WriteBit
                0x00000000080002f6       0x2e StdPeriph_Driver/src/stm32f10x_gpio.o
                0x00000000080002f6                GPIO_WriteBit
 .text.RCC_APB2PeriphClockCmd
                0x0000000008000324       0x3c StdPeriph_Driver/src/stm32f10x_rcc.o
                0x0000000008000324                RCC_APB2PeriphClockCmd
 .text.main     0x0000000008000360       0x60 src/main.o
                0x0000000008000360                main
 .text.ledBlinkUsingST
                0x00000000080003c0       0xb4 src/main.o
                0x00000000080003c0                ledBlinkUsingST
 .text.WWDG_IRQHandler
                0x0000000008000474        0xc src/stm32f10x_it.o
                0x0000000008000474                WWDG_IRQHandler
 .text.PVD_IRQHandler
                0x0000000008000480        0xc src/stm32f10x_it.o
                0x0000000008000480                PVD_IRQHandler
 .text.TAMPER_IRQHandler
                0x000000000800048c        0xc src/stm32f10x_it.o
                0x000000000800048c                TAMPER_IRQHandler
 .text.RTC_IRQHandler
                0x0000000008000498        0xc src/stm32f10x_it.o
                0x0000000008000498                RTC_IRQHandler
 .text.FLASH_IRQHandler
                0x00000000080004a4        0xc src/stm32f10x_it.o
                0x00000000080004a4                FLASH_IRQHandler
 .text.RCC_IRQHandler
                0x00000000080004b0        0xc src/stm32f10x_it.o
                0x00000000080004b0                RCC_IRQHandler
 .text.EXTI0_IRQHandler
                0x00000000080004bc        0xc src/stm32f10x_it.o
                0x00000000080004bc                EXTI0_IRQHandler
 .text.EXTI1_IRQHandler
                0x00000000080004c8        0xc src/stm32f10x_it.o
                0x00000000080004c8                EXTI1_IRQHandler
 .text.EXTI2_IRQHandler
                0x00000000080004d4        0xc src/stm32f10x_it.o
                0x00000000080004d4                EXTI2_IRQHandler
 .text.EXTI3_IRQHandler
                0x00000000080004e0        0xc src/stm32f10x_it.o
                0x00000000080004e0                EXTI3_IRQHandler
 .text.EXTI4_IRQHandler
                0x00000000080004ec        0xc src/stm32f10x_it.o
                0x00000000080004ec                EXTI4_IRQHandler
 .text.DMA1_Channel1_IRQHandler
                0x00000000080004f8        0xc src/stm32f10x_it.o
                0x00000000080004f8                DMA1_Channel1_IRQHandler
 .text.DMA1_Channel2_IRQHandler
                0x0000000008000504        0xc src/stm32f10x_it.o
                0x0000000008000504                DMA1_Channel2_IRQHandler
 .text.DMA1_Channel3_IRQHandler
                0x0000000008000510        0xc src/stm32f10x_it.o
                0x0000000008000510                DMA1_Channel3_IRQHandler
 .text.DMA1_Channel4_IRQHandler
                0x000000000800051c        0xc src/stm32f10x_it.o
                0x000000000800051c                DMA1_Channel4_IRQHandler
 .text.DMA1_Channel5_IRQHandler
                0x0000000008000528        0xc src/stm32f10x_it.o
                0x0000000008000528                DMA1_Channel5_IRQHandler
 .text.DMA1_Channel6_IRQHandler
                0x0000000008000534        0xc src/stm32f10x_it.o
                0x0000000008000534                DMA1_Channel6_IRQHandler
 .text.DMA1_Channel7_IRQHandler
                0x0000000008000540        0xc src/stm32f10x_it.o
                0x0000000008000540                DMA1_Channel7_IRQHandler
 .text.ADC1_2_IRQHandler
                0x000000000800054c        0xc src/stm32f10x_it.o
                0x000000000800054c                ADC1_2_IRQHandler
 .text.EXTI9_5_IRQHandler
                0x0000000008000558        0xc src/stm32f10x_it.o
                0x0000000008000558                EXTI9_5_IRQHandler
 .text.TIM1_BRK_IRQHandler
                0x0000000008000564        0xc src/stm32f10x_it.o
                0x0000000008000564                TIM1_BRK_IRQHandler
 .text.TIM1_UP_IRQHandler
                0x0000000008000570        0xc src/stm32f10x_it.o
                0x0000000008000570                TIM1_UP_IRQHandler
 .text.TIM1_TRG_COM_IRQHandler
                0x000000000800057c        0xc src/stm32f10x_it.o
                0x000000000800057c                TIM1_TRG_COM_IRQHandler
 .text.TIM1_CC_IRQHandler
                0x0000000008000588        0xc src/stm32f10x_it.o
                0x0000000008000588                TIM1_CC_IRQHandler
 .text.TIM2_IRQHandler
                0x0000000008000594        0xc src/stm32f10x_it.o
                0x0000000008000594                TIM2_IRQHandler
 .text.TIM3_IRQHandler
                0x00000000080005a0        0xc src/stm32f10x_it.o
                0x00000000080005a0                TIM3_IRQHandler
 .text.TIM4_IRQHandler
                0x00000000080005ac        0xc src/stm32f10x_it.o
                0x00000000080005ac                TIM4_IRQHandler
 .text.I2C1_EV_IRQHandler
                0x00000000080005b8        0xc src/stm32f10x_it.o
                0x00000000080005b8                I2C1_EV_IRQHandler
 .text.I2C1_ER_IRQHandler
                0x00000000080005c4        0xc src/stm32f10x_it.o
                0x00000000080005c4                I2C1_ER_IRQHandler
 .text.I2C2_EV_IRQHandler
                0x00000000080005d0        0xc src/stm32f10x_it.o
                0x00000000080005d0                I2C2_EV_IRQHandler
 .text.I2C2_ER_IRQHandler
                0x00000000080005dc        0xc src/stm32f10x_it.o
                0x00000000080005dc                I2C2_ER_IRQHandler
 .text.SPI1_IRQHandler
                0x00000000080005e8        0xc src/stm32f10x_it.o
                0x00000000080005e8                SPI1_IRQHandler
 .text.SPI2_IRQHandler
                0x00000000080005f4        0xc src/stm32f10x_it.o
                0x00000000080005f4                SPI2_IRQHandler
 .text.USART1_IRQHandler
                0x0000000008000600        0xc src/stm32f10x_it.o
                0x0000000008000600                USART1_IRQHandler
 .text.USART2_IRQHandler
                0x000000000800060c        0xc src/stm32f10x_it.o
                0x000000000800060c                USART2_IRQHandler
 .text.USART3_IRQHandler
                0x0000000008000618        0xc src/stm32f10x_it.o
                0x0000000008000618                USART3_IRQHandler
 .text.EXTI15_10_IRQHandler
                0x0000000008000624        0xc src/stm32f10x_it.o
                0x0000000008000624                EXTI15_10_IRQHandler
 .text.RTCAlarm_IRQHandler
                0x0000000008000630        0xc src/stm32f10x_it.o
                0x0000000008000630                RTCAlarm_IRQHandler
 .text.USBWakeUp_IRQHandler
                0x000000000800063c        0xc src/stm32f10x_it.o
                0x000000000800063c                USBWakeUp_IRQHandler
 .text.SystemInit
                0x0000000008000648       0x68 src/system_stm32f10x.o
                0x0000000008000648                SystemInit
 .text.SetSysClock
                0x00000000080006b0       0xb8 src/system_stm32f10x.o
 .text.Reset_Handler
                0x0000000008000768       0x48 startup/startup_stm32f10x_md.o
                0x0000000008000768                Reset_Handler
 .text.Default_Handler
                0x00000000080007b0        0x2 startup/startup_stm32f10x_md.o
                0x00000000080007b0                BusFault_Handler
                0x00000000080007b0                HardFault_Handler
                0x00000000080007b0                SysTick_Handler
                0x00000000080007b0                PendSV_Handler
                0x00000000080007b0                NMI_Handler
                0x00000000080007b0                UsageFault_Handler
                0x00000000080007b0                CAN1_RX1_IRQHandler
                0x00000000080007b0                Default_Handler
                0x00000000080007b0                MemManage_Handler
                0x00000000080007b0                SVC_Handler
                0x00000000080007b0                USB_LP_CAN1_RX0_IRQHandler
                0x00000000080007b0                USB_HP_CAN1_TX_IRQHandler
                0x00000000080007b0                CAN1_SCE_IRQHandler
                0x00000000080007b0                DebugMon_Handler
 *fill*         0x00000000080007b2        0x2 
 .text.__libc_init_array
                0x00000000080007b4       0x48 /Applications/Eclipse.app/Contents/Eclipse/plugins/fr.ac6.mcu.externaltools.arm-none.macos64_1.17.0.201812190825/tools/compiler/bin/../lib/gcc/arm-none-eabi/7.3.1/../../../../arm-none-eabi/lib/thumb/v7-m/libc.a(lib_a-init.o)
                0x00000000080007b4                __libc_init_array
 .text.startup.register_fini
                0x00000000080007fc       0x14 /Applications/Eclipse.app/Contents/Eclipse/plugins/fr.ac6.mcu.externaltools.arm-none.macos64_1.17.0.201812190825/tools/compiler/bin/../lib/gcc/arm-none-eabi/7.3.1/../../../../arm-none-eabi/lib/thumb/v7-m/libc.a(lib_a-__call_atexit.o)
 .text.atexit   0x0000000008000810        0xc /Applications/Eclipse.app/Contents/Eclipse/plugins/fr.ac6.mcu.externaltools.arm-none.macos64_1.17.0.201812190825/tools/compiler/bin/../lib/gcc/arm-none-eabi/7.3.1/../../../../arm-none-eabi/lib/thumb/v7-m/libc.a(lib_a-atexit.o)
                0x0000000008000810                atexit
 .text.__libc_fini_array
                0x000000000800081c       0x34 /Applications/Eclipse.app/Contents/Eclipse/plugins/fr.ac6.mcu.externaltools.arm-none.macos64_1.17.0.201812190825/tools/compiler/bin/../lib/gcc/arm-none-eabi/7.3.1/../../../../arm-none-eabi/lib/thumb/v7-m/libc.a(lib_a-fini.o)
                0x000000000800081c                __libc_fini_array
 .text.__retarget_lock_acquire_recursive
                0x0000000008000850        0x4 /Applications/Eclipse.app/Contents/Eclipse/plugins/fr.ac6.mcu.externaltools.arm-none.macos64_1.17.0.201812190825/tools/compiler/bin/../lib/gcc/arm-none-eabi/7.3.1/../../../../arm-none-eabi/lib/thumb/v7-m/libc.a(lib_a-lock.o)
                0x0000000008000850                __retarget_lock_acquire_recursive
 .text.__retarget_lock_release_recursive
                0x0000000008000854        0x4 /Applications/Eclipse.app/Contents/Eclipse/plugins/fr.ac6.mcu.externaltools.arm-none.macos64_1.17.0.201812190825/tools/compiler/bin/../lib/gcc/arm-none-eabi/7.3.1/../../../../arm-none-eabi/lib/thumb/v7-m/libc.a(lib_a-lock.o)
                0x0000000008000854                __retarget_lock_release_recursive
 .text.__register_exitproc
                0x0000000008000858       0xc0 /Applications/Eclipse.app/Contents/Eclipse/plugins/fr.ac6.mcu.externaltools.arm-none.macos64_1.17.0.201812190825/tools/compiler/bin/../lib/gcc/arm-none-eabi/7.3.1/../../../../arm-none-eabi/lib/thumb/v7-m/libc.a(lib_a-__atexit.o)
                0x0000000008000858                __register_exitproc
 *(.glue_7)
 .glue_7        0x0000000008000918        0x0 linker stubs
 *(.glue_7t)
 .glue_7t       0x0000000008000918        0x0 linker stubs
 *(.eh_frame)
 .eh_frame      0x0000000008000918        0x0 /Applications/Eclipse.app/Contents/Eclipse/plugins/fr.ac6.mcu.externaltools.arm-none.macos64_1.17.0.201812190825/tools/compiler/bin/../lib/gcc/arm-none-eabi/7.3.1/thumb/v7-m/crtbegin.o
 *(.init)
 .init          0x0000000008000918        0x4 /Applications/Eclipse.app/Contents/Eclipse/plugins/fr.ac6.mcu.externaltools.arm-none.macos64_1.17.0.201812190825/tools/compiler/bin/../lib/gcc/arm-none-eabi/7.3.1/thumb/v7-m/crti.o
                0x0000000008000918                _init
 .init          0x000000000800091c        0x8 /Applications/Eclipse.app/Contents/Eclipse/plugins/fr.ac6.mcu.externaltools.arm-none.macos64_1.17.0.201812190825/tools/compiler/bin/../lib/gcc/arm-none-eabi/7.3.1/thumb/v7-m/crtn.o
 *(.fini)
 .fini          0x0000000008000924        0x4 /Applications/Eclipse.app/Contents/Eclipse/plugins/fr.ac6.mcu.externaltools.arm-none.macos64_1.17.0.201812190825/tools/compiler/bin/../lib/gcc/arm-none-eabi/7.3.1/thumb/v7-m/crti.o
                0x0000000008000924                _fini
 .fini          0x0000000008000928        0x8 /Applications/Eclipse.app/Contents/Eclipse/plugins/fr.ac6.mcu.externaltools.arm-none.macos64_1.17.0.201812190825/tools/compiler/bin/../lib/gcc/arm-none-eabi/7.3.1/thumb/v7-m/crtn.o
                0x0000000008000930                . = ALIGN (0x4)
                0x0000000008000930                _etext = .

.vfp11_veneer   0x0000000008000930        0x0
 .vfp11_veneer  0x0000000008000930        0x0 linker stubs

.v4_bx          0x0000000008000930        0x0
 .v4_bx         0x0000000008000930        0x0 linker stubs

.iplt           0x0000000008000930        0x0
 .iplt          0x0000000008000930        0x0 /Applications/Eclipse.app/Contents/Eclipse/plugins/fr.ac6.mcu.externaltools.arm-none.macos64_1.17.0.201812190825/tools/compiler/bin/../lib/gcc/arm-none-eabi/7.3.1/thumb/v7-m/crtbegin.o

.rodata         0x0000000008000930        0x4
                0x0000000008000930                . = ALIGN (0x4)
 *(.rodata)
 *(.rodata*)
 .rodata._global_impure_ptr
                0x0000000008000930        0x4 /Applications/Eclipse.app/Contents/Eclipse/plugins/fr.ac6.mcu.externaltools.arm-none.macos64_1.17.0.201812190825/tools/compiler/bin/../lib/gcc/arm-none-eabi/7.3.1/../../../../arm-none-eabi/lib/thumb/v7-m/libc.a(lib_a-impure.o)
                0x0000000008000930                _global_impure_ptr
                0x0000000008000934                . = ALIGN (0x4)

.rel.dyn        0x0000000008000934        0x0
 .rel.iplt      0x0000000008000934        0x0 /Applications/Eclipse.app/Contents/Eclipse/plugins/fr.ac6.mcu.externaltools.arm-none.macos64_1.17.0.201812190825/tools/compiler/bin/../lib/gcc/arm-none-eabi/7.3.1/thumb/v7-m/crtbegin.o

.ARM.extab
 *(.ARM.extab* .gnu.linkonce.armextab.*)

.ARM            0x0000000008000934        0x0
                0x0000000008000934                __exidx_start = .
 *(.ARM.exidx*)
                0x0000000008000934                __exidx_end = .

.preinit_array  0x0000000008000934        0x0
                0x0000000008000934                PROVIDE (__preinit_array_start = .)
 *(.preinit_array*)
                0x0000000008000934                PROVIDE (__preinit_array_end = .)

.init_array     0x0000000008000934        0x8
                0x0000000008000934                PROVIDE (__init_array_start = .)
 *(SORT_BY_NAME(.init_array.*))
 .init_array.00000
                0x0000000008000934        0x4 /Applications/Eclipse.app/Contents/Eclipse/plugins/fr.ac6.mcu.externaltools.arm-none.macos64_1.17.0.201812190825/tools/compiler/bin/../lib/gcc/arm-none-eabi/7.3.1/../../../../arm-none-eabi/lib/thumb/v7-m/libc.a(lib_a-__call_atexit.o)
 *(.init_array*)
 .init_array    0x0000000008000938        0x4 /Applications/Eclipse.app/Contents/Eclipse/plugins/fr.ac6.mcu.externaltools.arm-none.macos64_1.17.0.201812190825/tools/compiler/bin/../lib/gcc/arm-none-eabi/7.3.1/thumb/v7-m/crtbegin.o
                0x000000000800093c                PROVIDE (__init_array_end = .)

.fini_array     0x000000000800093c        0x4
                0x000000000800093c                PROVIDE (__fini_array_start = .)
 *(SORT_BY_NAME(.fini_array.*))
 *(.fini_array*)
 .fini_array    0x000000000800093c        0x4 /Applications/Eclipse.app/Contents/Eclipse/plugins/fr.ac6.mcu.externaltools.arm-none.macos64_1.17.0.201812190825/tools/compiler/bin/../lib/gcc/arm-none-eabi/7.3.1/thumb/v7-m/crtbegin.o
                0x0000000008000940                PROVIDE (__fini_array_end = .)
                0x0000000008000940                _sidata = LOADADDR (.data)

.data           0x0000000020000000      0x434 load address 0x0000000008000940
                0x0000000020000000                . = ALIGN (0x4)
                0x0000000020000000                _sdata = .
 *(.data)
 .data          0x0000000020000000        0x2 src/main.o
                0x0000000020000000                flagON
 *(.data*)
 *fill*         0x0000000020000002        0x6 
 .data.impure_data
                0x0000000020000008      0x428 /Applications/Eclipse.app/Contents/Eclipse/plugins/fr.ac6.mcu.externaltools.arm-none.macos64_1.17.0.201812190825/tools/compiler/bin/../lib/gcc/arm-none-eabi/7.3.1/../../../../arm-none-eabi/lib/thumb/v7-m/libc.a(lib_a-impure.o)
 .data.__atexit_recursive_mutex
                0x0000000020000430        0x4 /Applications/Eclipse.app/Contents/Eclipse/plugins/fr.ac6.mcu.externaltools.arm-none.macos64_1.17.0.201812190825/tools/compiler/bin/../lib/gcc/arm-none-eabi/7.3.1/../../../../arm-none-eabi/lib/thumb/v7-m/libc.a(lib_a-__call_atexit.o)
                0x0000000020000430                __atexit_recursive_mutex
                0x0000000020000434                . = ALIGN (0x4)
                0x0000000020000434                _edata = .

.igot.plt       0x0000000020000434        0x0 load address 0x0000000008000d74
 .igot.plt      0x0000000020000434        0x0 /Applications/Eclipse.app/Contents/Eclipse/plugins/fr.ac6.mcu.externaltools.arm-none.macos64_1.17.0.201812190825/tools/compiler/bin/../lib/gcc/arm-none-eabi/7.3.1/thumb/v7-m/crtbegin.o
                0x0000000020000434                . = ALIGN (0x4)

.bss            0x0000000020000434       0x44 load address 0x0000000008000d74
                0x0000000020000434                _sbss = .
                0x0000000020000434                __bss_start__ = _sbss
 *(.bss)
 .bss           0x0000000020000434       0x1c /Applications/Eclipse.app/Contents/Eclipse/plugins/fr.ac6.mcu.externaltools.arm-none.macos64_1.17.0.201812190825/tools/compiler/bin/../lib/gcc/arm-none-eabi/7.3.1/thumb/v7-m/crtbegin.o
 *(.bss*)
 *(COMMON)
 COMMON         0x0000000020000450        0x4 src/main.o
                0x0000000020000450                number
 COMMON         0x0000000020000454       0x21 /Applications/Eclipse.app/Contents/Eclipse/plugins/fr.ac6.mcu.externaltools.arm-none.macos64_1.17.0.201812190825/tools/compiler/bin/../lib/gcc/arm-none-eabi/7.3.1/../../../../arm-none-eabi/lib/thumb/v7-m/libc.a(lib_a-lock.o)
                0x0000000020000454                __lock___atexit_recursive_mutex
                0x0000000020000458                __lock___arc4random_mutex
                0x000000002000045c                __lock___env_recursive_mutex
                0x0000000020000460                __lock___sinit_recursive_mutex
                0x0000000020000464                __lock___malloc_recursive_mutex
                0x0000000020000468                __lock___at_quick_exit_mutex
                0x000000002000046c                __lock___dd_hash_mutex
                0x0000000020000470                __lock___tz_mutex
                0x0000000020000474                __lock___sfp_recursive_mutex
                0x0000000020000478                . = ALIGN (0x4)
 *fill*         0x0000000020000475        0x3 
                0x0000000020000478                _ebss = .
                0x0000000020000478                __bss_end__ = _ebss

._user_heap_stack
                0x0000000020000478      0x100 load address 0x0000000008000d74
                0x0000000020000478                . = ALIGN (0x8)
                0x0000000020000478                PROVIDE (end = .)
                [!provide]                        PROVIDE (_end = .)
                0x0000000020000478                . = (. + _Min_Heap_Size)
                0x0000000020000578                . = (. + _Min_Stack_Size)
 *fill*         0x0000000020000478      0x100 
                0x0000000020000578                . = ALIGN (0x8)

.memory_b1_text
 *(.mb1text)
 *(.mb1text*)
 *(.mb1rodata)
 *(.mb1rodata*)

/DISCARD/
 libc.a(*)
 libm.a(*)
 libgcc.a(*)

.ARM.attributes
                0x0000000000000000       0x29
 *(.ARM.attributes)
 .ARM.attributes
                0x0000000000000000       0x1d /Applications/Eclipse.app/Contents/Eclipse/plugins/fr.ac6.mcu.externaltools.arm-none.macos64_1.17.0.201812190825/tools/compiler/bin/../lib/gcc/arm-none-eabi/7.3.1/thumb/v7-m/crti.o
 .ARM.attributes
                0x000000000000001d       0x2d /Applications/Eclipse.app/Contents/Eclipse/plugins/fr.ac6.mcu.externaltools.arm-none.macos64_1.17.0.201812190825/tools/compiler/bin/../lib/gcc/arm-none-eabi/7.3.1/thumb/v7-m/crtbegin.o
 .ARM.attributes
                0x000000000000004a       0x33 StdPeriph_Driver/src/stm32f10x_gpio.o
 .ARM.attributes
                0x000000000000007d       0x33 StdPeriph_Driver/src/stm32f10x_rcc.o
 .ARM.attributes
                0x00000000000000b0       0x33 src/main.o
 .ARM.attributes
                0x00000000000000e3       0x33 src/stm32f10x_it.o
 .ARM.attributes
                0x0000000000000116       0x33 src/system_stm32f10x.o
 .ARM.attributes
                0x0000000000000149       0x21 startup/startup_stm32f10x_md.o
 .ARM.attributes
                0x000000000000016a       0x2d /Applications/Eclipse.app/Contents/Eclipse/plugins/fr.ac6.mcu.externaltools.arm-none.macos64_1.17.0.201812190825/tools/compiler/bin/../lib/gcc/arm-none-eabi/7.3.1/../../../../arm-none-eabi/lib/thumb/v7-m/libc.a(lib_a-impure.o)
 .ARM.attributes
                0x0000000000000197       0x2d /Applications/Eclipse.app/Contents/Eclipse/plugins/fr.ac6.mcu.externaltools.arm-none.macos64_1.17.0.201812190825/tools/compiler/bin/../lib/gcc/arm-none-eabi/7.3.1/../../../../arm-none-eabi/lib/thumb/v7-m/libc.a(lib_a-init.o)
 .ARM.attributes
                0x00000000000001c4       0x2d /Applications/Eclipse.app/Contents/Eclipse/plugins/fr.ac6.mcu.externaltools.arm-none.macos64_1.17.0.201812190825/tools/compiler/bin/../lib/gcc/arm-none-eabi/7.3.1/../../../../arm-none-eabi/lib/thumb/v7-m/libc.a(lib_a-__call_atexit.o)
 .ARM.attributes
                0x00000000000001f1       0x2d /Applications/Eclipse.app/Contents/Eclipse/plugins/fr.ac6.mcu.externaltools.arm-none.macos64_1.17.0.201812190825/tools/compiler/bin/../lib/gcc/arm-none-eabi/7.3.1/../../../../arm-none-eabi/lib/thumb/v7-m/libc.a(lib_a-atexit.o)
 .ARM.attributes
                0x000000000000021e       0x2d /Applications/Eclipse.app/Contents/Eclipse/plugins/fr.ac6.mcu.externaltools.arm-none.macos64_1.17.0.201812190825/tools/compiler/bin/../lib/gcc/arm-none-eabi/7.3.1/../../../../arm-none-eabi/lib/thumb/v7-m/libc.a(lib_a-fini.o)
 .ARM.attributes
                0x000000000000024b       0x2d /Applications/Eclipse.app/Contents/Eclipse/plugins/fr.ac6.mcu.externaltools.arm-none.macos64_1.17.0.201812190825/tools/compiler/bin/../lib/gcc/arm-none-eabi/7.3.1/../../../../arm-none-eabi/lib/thumb/v7-m/libc.a(lib_a-lock.o)
 .ARM.attributes
                0x0000000000000278       0x2d /Applications/Eclipse.app/Contents/Eclipse/plugins/fr.ac6.mcu.externaltools.arm-none.macos64_1.17.0.201812190825/tools/compiler/bin/../lib/gcc/arm-none-eabi/7.3.1/../../../../arm-none-eabi/lib/thumb/v7-m/libc.a(lib_a-__atexit.o)
 .ARM.attributes
                0x00000000000002a5       0x1d /Applications/Eclipse.app/Contents/Eclipse/plugins/fr.ac6.mcu.externaltools.arm-none.macos64_1.17.0.201812190825/tools/compiler/bin/../lib/gcc/arm-none-eabi/7.3.1/thumb/v7-m/crtn.o
OUTPUT(3SO.elf elf32-littlearm)

.debug_info     0x0000000000000000     0x1b68
 .debug_info    0x0000000000000000      0x702 StdPeriph_Driver/src/stm32f10x_gpio.o
 .debug_info    0x0000000000000702      0x8b2 StdPeriph_Driver/src/stm32f10x_rcc.o
 .debug_info    0x0000000000000fb4      0x2ce src/main.o
 .debug_info    0x0000000000001282      0x44b src/stm32f10x_it.o
 .debug_info    0x00000000000016cd      0x479 src/system_stm32f10x.o
 .debug_info    0x0000000000001b46       0x22 startup/startup_stm32f10x_md.o

.debug_abbrev   0x0000000000000000      0x713
 .debug_abbrev  0x0000000000000000      0x1e4 StdPeriph_Driver/src/stm32f10x_gpio.o
 .debug_abbrev  0x00000000000001e4      0x1d4 StdPeriph_Driver/src/stm32f10x_rcc.o
 .debug_abbrev  0x00000000000003b8      0x14a src/main.o
 .debug_abbrev  0x0000000000000502       0x93 src/stm32f10x_it.o
 .debug_abbrev  0x0000000000000595      0x16c src/system_stm32f10x.o
 .debug_abbrev  0x0000000000000701       0x12 startup/startup_stm32f10x_md.o

.debug_aranges  0x0000000000000000      0x400
 .debug_aranges
                0x0000000000000000       0xa8 StdPeriph_Driver/src/stm32f10x_gpio.o
 .debug_aranges
                0x00000000000000a8      0x118 StdPeriph_Driver/src/stm32f10x_rcc.o
 .debug_aranges
                0x00000000000001c0       0x30 src/main.o
 .debug_aranges
                0x00000000000001f0      0x1b8 src/stm32f10x_it.o
 .debug_aranges
                0x00000000000003a8       0x30 src/system_stm32f10x.o
 .debug_aranges
                0x00000000000003d8       0x28 startup/startup_stm32f10x_md.o

.debug_ranges   0x0000000000000000      0x3a8
 .debug_ranges  0x0000000000000000       0x98 StdPeriph_Driver/src/stm32f10x_gpio.o
 .debug_ranges  0x0000000000000098      0x108 StdPeriph_Driver/src/stm32f10x_rcc.o
 .debug_ranges  0x00000000000001a0       0x20 src/main.o
 .debug_ranges  0x00000000000001c0      0x1a8 src/stm32f10x_it.o
 .debug_ranges  0x0000000000000368       0x20 src/system_stm32f10x.o
 .debug_ranges  0x0000000000000388       0x20 startup/startup_stm32f10x_md.o

.debug_macro    0x0000000000000000      0xff4
 .debug_macro   0x0000000000000000      0x1ed StdPeriph_Driver/src/stm32f10x_gpio.o
 .debug_macro   0x00000000000001ed      0x2a7 StdPeriph_Driver/src/stm32f10x_gpio.o
 .debug_macro   0x0000000000000494      0x2bb StdPeriph_Driver/src/stm32f10x_rcc.o
 .debug_macro   0x000000000000074f      0x3dc StdPeriph_Driver/src/stm32f10x_rcc.o
 .debug_macro   0x0000000000000b2b      0x191 src/main.o
 .debug_macro   0x0000000000000cbc      0x19b src/stm32f10x_it.o
 .debug_macro   0x0000000000000e57      0x19d src/system_stm32f10x.o

.debug_line     0x0000000000000000     0x279e
 .debug_line    0x0000000000000000      0x7e5 StdPeriph_Driver/src/stm32f10x_gpio.o
 .debug_line    0x00000000000007e5      0x8e1 StdPeriph_Driver/src/stm32f10x_rcc.o
 .debug_line    0x00000000000010c6      0x650 src/main.o
 .debug_line    0x0000000000001716      0x9ab src/stm32f10x_it.o
 .debug_line    0x00000000000020c1      0x65f src/system_stm32f10x.o
 .debug_line    0x0000000000002720       0x7e startup/startup_stm32f10x_md.o

.debug_str      0x0000000000000000    0x505db
 .debug_str     0x0000000000000000    0x4f4fb StdPeriph_Driver/src/stm32f10x_gpio.o
                                      0x4f678 (size before relaxing)
 .debug_str     0x000000000004f4fb      0xb59 StdPeriph_Driver/src/stm32f10x_rcc.o
                                      0x4fc5e (size before relaxing)
 .debug_str     0x0000000000050054       0x80 src/main.o
                                      0x4f240 (size before relaxing)
 .debug_str     0x00000000000500d4      0x3f4 src/stm32f10x_it.o
                                      0x4f45f (size before relaxing)
 .debug_str     0x00000000000504c8       0xe3 src/system_stm32f10x.o
                                      0x4f1ed (size before relaxing)
 .debug_str     0x00000000000505ab       0x30 startup/startup_stm32f10x_md.o
                                         0x63 (size before relaxing)

.comment        0x0000000000000000       0x7f
 .comment       0x0000000000000000       0x7f StdPeriph_Driver/src/stm32f10x_gpio.o
                                         0x80 (size before relaxing)
 .comment       0x000000000000007f       0x80 StdPeriph_Driver/src/stm32f10x_rcc.o
 .comment       0x000000000000007f       0x80 src/main.o
 .comment       0x000000000000007f       0x80 src/stm32f10x_it.o
 .comment       0x000000000000007f       0x80 src/system_stm32f10x.o

.debug_frame    0x0000000000000000     0x10e4
 .debug_frame   0x0000000000000000      0x2d0 StdPeriph_Driver/src/stm32f10x_gpio.o
 .debug_frame   0x00000000000002d0      0x4f4 StdPeriph_Driver/src/stm32f10x_rcc.o
 .debug_frame   0x00000000000007c4       0x74 src/main.o
 .debug_frame   0x0000000000000838      0x670 src/stm32f10x_it.o
 .debug_frame   0x0000000000000ea8       0x7c src/system_stm32f10x.o
 .debug_frame   0x0000000000000f24       0x2c /Applications/Eclipse.app/Contents/Eclipse/plugins/fr.ac6.mcu.externaltools.arm-none.macos64_1.17.0.201812190825/tools/compiler/bin/../lib/gcc/arm-none-eabi/7.3.1/../../../../arm-none-eabi/lib/thumb/v7-m/libc.a(lib_a-init.o)
 .debug_frame   0x0000000000000f50       0x5c /Applications/Eclipse.app/Contents/Eclipse/plugins/fr.ac6.mcu.externaltools.arm-none.macos64_1.17.0.201812190825/tools/compiler/bin/../lib/gcc/arm-none-eabi/7.3.1/../../../../arm-none-eabi/lib/thumb/v7-m/libc.a(lib_a-__call_atexit.o)
 .debug_frame   0x0000000000000fac       0x20 /Applications/Eclipse.app/Contents/Eclipse/plugins/fr.ac6.mcu.externaltools.arm-none.macos64_1.17.0.201812190825/tools/compiler/bin/../lib/gcc/arm-none-eabi/7.3.1/../../../../arm-none-eabi/lib/thumb/v7-m/libc.a(lib_a-atexit.o)
 .debug_frame   0x0000000000000fcc       0x34 /Applications/Eclipse.app/Contents/Eclipse/plugins/fr.ac6.mcu.externaltools.arm-none.macos64_1.17.0.201812190825/tools/compiler/bin/../lib/gcc/arm-none-eabi/7.3.1/../../../../arm-none-eabi/lib/thumb/v7-m/libc.a(lib_a-fini.o)
 .debug_frame   0x0000000000001000       0xb0 /Applications/Eclipse.app/Contents/Eclipse/plugins/fr.ac6.mcu.externaltools.arm-none.macos64_1.17.0.201812190825/tools/compiler/bin/../lib/gcc/arm-none-eabi/7.3.1/../../../../arm-none-eabi/lib/thumb/v7-m/libc.a(lib_a-lock.o)
 .debug_frame   0x00000000000010b0       0x34 /Applications/Eclipse.app/Contents/Eclipse/plugins/fr.ac6.mcu.externaltools.arm-none.macos64_1.17.0.201812190825/tools/compiler/bin/../lib/gcc/arm-none-eabi/7.3.1/../../../../arm-none-eabi/lib/thumb/v7-m/libc.a(lib_a-__atexit.o)
